feature@de.uka.ipd.sdq.pcm.feature=COPY,C:/coding/svnpcm,de.uka.ipd.sdq.pcm.feature
plugin@de.uka.ipd.sdq.identifier=COPY,C:/coding/svnpcm,de.uka.ipd.sdq.identifier
plugin@de.uka.ipd.sdq.identifier.edit=COPY,C:/coding/svnpcm,de.uka.ipd.sdq.identifier.edit
plugin@de.uka.ipd.sdq.pcm=COPY,C:/coding/svnpcm,de.uka.ipd.sdq.pcm
plugin@de.uka.ipd.sdq.pcm.edit=COPY,C:/coding/svnpcm,de.uka.ipd.sdq.pcm.edit
plugin@de.uka.ipd.sdq.pcm.editor=COPY,C:/coding/svnpcm,de.uka.ipd.sdq.pcm.editor
plugin@de.uka.ipd.sdq.dialogs=COPY,C:/coding/svnpcm,de.uka.ipd.sdq.dialogs
plugin@de.uka.ipd.sdq.pcm.stochasticexpressions=COPY,C:/coding/svnpcm,de.uka.ipd.sdq.pcm.stochasticexpressions
plugin@org.antlr=COPY,C:/coding/svnpcm,org.antlr
plugin@de.uka.ipd.sdq.branding=COPY,C:/coding/svnpcm,de.uka.ipd.sdq.branding
plugin@de.uka.ipd.sdq.errorhandling=COPY,C:/coding/svnpcm,de.uka.ipd.sdq.errorhandling
plugin@de.uka.ipd.sdq.sensorframework=COPY,C:/coding/svnpcm,de.uka.ipd.sdq.sensorframework
plugin@de.uka.ipd.sdq.hibernatewrapper=COPY,C:/coding/svnpcm,de.uka.ipd.sdq.hibernatewrapper
feature@de.uka.ipd.sdq.probfunction.feature=COPY,C:/coding/svnpcm,de.uka.ipd.sdq.probfunction.feature
plugin@de.uka.ipd.sdq.probfunction=COPY,C:/coding/svnpcm,de.uka.ipd.sdq.probfunction
plugin@de.uka.ipd.sdq.probfunction.edit=COPY,C:/coding/svnpcm,de.uka.ipd.sdq.probfunction.edit
plugin@de.uka.ipd.sdq.probfunction.math=COPY,C:/coding/svnpcm,de.uka.ipd.sdq.probfunction.math
feature@de.uka.ipd.sdq.tests=COPY,C:/coding/svnpcm,de.uka.ipd.sdq.tests
plugin@de.uka.ipd.sdq.pcm.stochasticexpressions.tests=COPY,C:/coding/svnpcm,de.uka.ipd.sdq.pcm.stochasticexpressions.tests
