feature@de.uka.ipd.sdq.pcm.feature=COPY,C:/coding/gmf2/Palladio.EMFComponentModel/trunk,de.uka.ipd.sdq.pcm.feature
plugin@de.uka.ipd.sdq.identifier=COPY,C:/coding/gmf2/Palladio.EMFComponentModel/trunk,de.uka.ipd.sdq.identifier
plugin@de.uka.ipd.sdq.identifier.edit=COPY,C:/coding/gmf2/Palladio.EMFComponentModel/trunk,de.uka.ipd.sdq.identifier.edit
plugin@de.uka.ipd.sdq.pcm=COPY,C:/coding/gmf2/Palladio.EMFComponentModel/trunk,de.uka.ipd.sdq.pcm
plugin@de.uka.ipd.sdq.pcm.edit=COPY,C:/coding/gmf2/Palladio.EMFComponentModel/trunk,de.uka.ipd.sdq.pcm.edit
plugin@de.uka.ipd.sdq.pcm.editor=COPY,C:/coding/gmf2/Palladio.EMFComponentModel/trunk,de.uka.ipd.sdq.pcm.editor
plugin@de.uka.ipd.sdq.pcmbench.ui=COPY,C:/coding/gmf2/PalladioCM.PCMBench/trunk,de.uka.ipd.sdq.pcmbench.ui
plugin@de.uka.ipd.sdq.dialogs=COPY,C:/coding/gmf2/Palladio.CoreServices/trunk,de.uka.ipd.sdq.dialogs
plugin@de.uka.ipd.sdq.pcm.stochasticexpressions=COPY,C:/coding/gmf2/Palladio.EMFComponentModel/trunk,de.uka.ipd.sdq.pcm.stochasticexpressions
plugin@de.uka.ipd.sdq.pcmbench.help=COPY,C:/coding/gmf2/PalladioCM.PCMBench/trunk,de.uka.ipd.sdq.pcmbench.help
plugin@de.uka.ipd.sdq.pcmbench.propertytabs=COPY,C:/coding/gmf2/PalladioCM.PCMBench/trunk,de.uka.ipd.sdq.pcmbench.propertytabs
plugin@org.antlr=COPY,C:/coding/gmf2/Palladio.EMFComponentModel/trunk,org.antlr
plugin@de.uka.ipd.sdq.branding=COPY,C:/coding/gmf2/Palladio.EMFComponentModel/trunk,de.uka.ipd.sdq.branding
plugin@de.uka.ipd.sdq.stoex=COPY,C:/coding/gmf2/Palladio.StoEx/trunk,de.uka.ipd.sdq.stoex
plugin@de.uka.ipd.sdq.stoex.analyser=COPY,C:/coding/gmf2/Palladio.StoEx/trunk,de.uka.ipd.sdq.stoex.analyser
plugin@de.uka.ipd.sdq.stoex.edit=COPY,C:/coding/gmf2/Palladio.StoEx/trunk,de.uka.ipd.sdq.stoex.edit
plugin@de.uka.ipd.sdq.errorhandling=COPY,C:/coding/gmf2/Palladio.CoreServices/trunk,de.uka.ipd.sdq.errorhandling
plugin@de.uka.ipd.sdq.sensorframework=COPY,C:/coding/gmf2/Palladio.SensorFactory/trunk,de.uka.ipd.sdq.sensorframework
plugin@de.uka.ipd.sdq.hibernatewrapper=COPY,C:/coding/gmf2/Palladio.SensorFactory/trunk,de.uka.ipd.sdq.hibernatewrapper
feature@de.uka.ipd.sdq.probfunction.feature=COPY,C:/coding/gmf2/Palladio.EMFProbfunctionModel/trunk,de.uka.ipd.sdq.probfunction.feature
plugin@de.uka.ipd.sdq.probfunction=COPY,C:/coding/gmf2/Palladio.EMFProbfunctionModel/trunk,de.uka.ipd.sdq.probfunction
plugin@de.uka.ipd.sdq.probfunction.edit=COPY,C:/coding/gmf2/Palladio.EMFProbfunctionModel/trunk,de.uka.ipd.sdq.probfunction.edit
plugin@de.uka.ipd.sdq.probfunction.math=COPY,C:/coding/gmf2/Palladio.EMFProbfunctionModel/trunk,de.uka.ipd.sdq.probfunction.math
plugin@de.uka.ipd.sdq.stoex=COPY,C:/coding/gmf2/Palladio.StoEx/trunk,de.uka.ipd.sdq.stoex
feature@de.uka.ipd.sdq.tests=COPY,C:/coding/gmf2/Palladio.EMFComponentModel/trunk,de.uka.ipd.sdq.tests
plugin@de.uka.ipd.sdq.pcm.stochasticexpressions.tests=COPY,C:/coding/gmf2/Palladio.EMFComponentModel/trunk,de.uka.ipd.sdq.pcm.stochasticexpressions.tests
